// Jest Snapshot v1, https://goo.gl/fbAQLP

exports[`renders correctly 1`] = `
Array [
  <div
    className="row"
  >
    <div
      className="col-sm"
    >
      d
    </div>
    <div
      className="col-sm"
    >
      a
    </div>
  </div>,
  <div
    className="row"
  >
    <div
      className="col-sm"
    >
      e
    </div>
    <div
      className="col-sm"
    >
      b
    </div>
  </div>,
  <div
    className="row"
  >
    <div
      className="col-sm"
    >
      f
    </div>
    <div
      className="col-sm"
    >
      c
    </div>
  </div>,
  <hr />,
]
`;
